03/09/2026 06:01:57 PM This is info log.
03/09/2026 06:01:57 PM This is debug log.
03/09/2026 06:01:57 PM This is warning log.
03/09/2026 06:01:57 PM This is error log.
03/09/2026 06:01:57 PM This is critical log.
